\BOOKMARK [0][-]{chapter.1}{\376\377\000I\000n\000t\000r\000o\000d\000u\000c\000t\000i\000o\000n}{}% 1
\BOOKMARK [1][-]{section.1.1}{\376\377\000L\000a\000\040\000r\000e\000l\000a\000t\000i\000o\000n\000\040\000c\000l\000i\000e\000n\000t\000\040\000:\000\040\000l\000e\000\040\000c\000a\000s\000\040\000g\000\351\000n\000\351\000r\000a\000l}{chapter.1}% 2
\BOOKMARK [1][-]{section.1.2}{\376\377\000L\000a\000\040\000r\000e\000l\000a\000t\000i\000o\000n\000\040\000u\000s\000a\000g\000e\000r\000\040\000:\000\040\000u\000n\000\040\000c\000a\000s\000\040\000p\000a\000r\000t\000i\000c\000u\000l\000i\000e\000r}{chapter.1}% 3
\BOOKMARK [0][-]{chapter.2}{\376\377\000C\000a\000d\000r\000e\000\040\000t\000h\000\351\000o\000r\000i\000q\000u\000e\000\040\000:\000\040\000l\000e\000s\000\040\000\351\000m\000o\000t\000i\000o\000n\000s}{}% 4
\BOOKMARK [1][-]{section.2.1}{\376\377\000C\000l\000a\000s\000s\000i\000f\000i\000c\000a\000t\000i\000o\000n\000s\000\040\000d\000e\000s\000\040\000\351\000m\000o\000t\000i\000o\000n\000s}{chapter.2}% 5
\BOOKMARK [2][-]{subsection.2.1.1}{\376\377\000L\000e\000s\000\040\000\351\000m\000o\000t\000i\000o\000n\000s\000\040\000s\000o\000n\000t\000-\000e\000l\000l\000e\000s\000\040\000u\000n\000i\000v\000e\000r\000s\000e\000l\000l\000e\000s\000\040\000?}{section.2.1}% 6
\BOOKMARK [2][-]{subsection.2.1.2}{\376\377\000C\000o\000m\000m\000e\000n\000t\000\040\000c\000l\000a\000s\000s\000i\000f\000i\000e\000r\000\040\000l\000e\000s\000\040\000\351\000m\000o\000t\000i\000o\000n\000s\000\040\000?}{section.2.1}% 7
\BOOKMARK [1][-]{section.2.2}{\376\377\000T\000h\000\351\000o\000r\000i\000e\000\040\000d\000u\000\040\000p\000o\000u\000v\000o\000i\000r\000\040\000e\000t\000\040\000d\000u\000\040\000s\000t\000a\000t\000u\000t}{chapter.2}% 8
\BOOKMARK [1][-]{section.2.3}{\376\377\000T\000h\000\351\000o\000r\000i\000e\000\040\000d\000r\000a\000m\000a\000t\000u\000r\000g\000i\000q\000u\000e}{chapter.2}% 9
\BOOKMARK [0][-]{chapter.3}{\376\377\000M\000\351\000t\000h\000o\000d\000o\000l\000o\000g\000i\000e}{}% 10
\BOOKMARK [1][-]{section.3.1}{\376\377\000D\000o\000n\000n\000\351\000e\000s}{chapter.3}% 11
\BOOKMARK [1][-]{section.3.2}{\376\377\000S\000\351\000l\000e\000c\000t\000i\000o\000n\000\040\000d\000e\000\040\000m\000\351\000t\000h\000o\000d\000e}{chapter.3}% 12
\BOOKMARK [2][-]{subsection.3.2.1}{\376\377\000R\000\351\000s\000u\000l\000t\000a\000t\000s\000\040\000m\000u\000l\000t\000i\000m\000\351\000t\000h\000o\000d\000e\000s}{section.3.2}% 13
\BOOKMARK [2][-]{subsection.3.2.2}{\376\377\000R\000\351\000s\000u\000l\000t\000a\000t\000s\000\040\000m\000u\000l\000t\000i\000t\000r\000a\000i\000t\000s}{section.3.2}% 14
\BOOKMARK [0][-]{chapter.4}{\376\377\000C\000o\000m\000m\000e\000n\000t\000\040\000l\000e\000s\000\040\000s\000e\000r\000v\000i\000c\000e\000s\000\040\000p\000u\000b\000l\000i\000c\000s\000\040\000g\000\351\000n\000\350\000r\000e\000n\000t\000\040\000d\000e\000s\000\040\000\351\000m\000o\000t\000i\000o\000n\000s\000\040\000c\000h\000e\000z\000\040\000l\000e\000s\000\040\000u\000s\000a\000g\000e\000r\000s}{}% 15
\BOOKMARK [1][-]{section.4.1}{\376\377\000L\000e\000s\000\040\000d\000i\000f\000f\000\351\000r\000e\000n\000t\000s\000\040\000p\000r\000o\000f\000i\000l\000s\000\040\000\351\000m\000o\000t\000i\000o\000n\000n\000e\000l\000s\000\040\000d\000e\000s\000\040\000u\000s\000a\000g\000e\000r\000s}{chapter.4}% 16
\BOOKMARK [1][-]{section.4.2}{\376\377\000L\000e\000s\000\040\000s\000e\000r\000v\000i\000c\000e\000s}{chapter.4}% 17
\BOOKMARK [1][-]{section.4.3}{\376\377\000L\000e\000s\000\040\000s\000u\000j\000e\000t\000s}{chapter.4}% 18
\BOOKMARK [1][-]{section.4.4}{\376\377\000L\000e\000s\000\040\000p\000r\000o\000b\000l\000\350\000m\000e\000s}{chapter.4}% 19
\BOOKMARK [0][-]{chapter.5}{\376\377\000L\000'\000e\000x\000p\000r\000e\000s\000s\000i\000o\000n\000\040\000d\000e\000s\000\040\000\351\000m\000o\000t\000i\000o\000n\000s\000\040\000:\000\040\000l\000e\000\040\000r\000\364\000l\000e\000\040\000q\000u\000e\000\040\000l\000'\000o\000n\000\040\000s\000e\000\040\000d\000o\000n\000n\000e\000\040\000\050\000t\000e\000m\000p\000o\000r\000a\000i\000r\000e\000\051}{}% 20
\BOOKMARK [0][-]{chapter.6}{\376\377\000L\000'\000i\000n\000j\000u\000s\000t\000i\000c\000e\000\040\000c\000o\000m\000m\000e\000\040\000m\000o\000t\000i\000v\000a\000t\000i\000o\000n}{}% 21
